// Jest Snapshot v1, https://goo.gl/fbAQLP

exports[`it should render properly 1`] = `
<button
  class="button-radial-container"
>
  Sample Button
</button>
`;

exports[`it should shallow properly 1`] = `
<ForwardRef(MotionComponent)
  className="button-radial-container"
  onClick={[Function]}
  style={Object {}}
>
  Sample Button
</ForwardRef(MotionComponent)>
`;
